// Jest Snapshot v1, https://goo.gl/fbAQLP

exports[`Maps state to props only using selectors validates object created from mapStateToProps 1`] = `
Object {
  "initialValues": undefined,
  "isSaving": true,
  "key": "mockId",
  "names": Array [
    "mockName1",
    "mockName2",
  ],
  "userHasUpdatePermission": undefined,
  "versions": Object {
    "label": "v1",
    "value": "0001",
  },
}
`;

exports[`createFormName returns proper values 1`] = `undefined`;

exports[`flows Renders renders 1`] = `
ShallowWrapper {
  "length": 1,
}
`;

exports[`formSubmission returns proper values 1`] = `undefined`;
