// Jest Snapshot v1, https://goo.gl/fbAQLP

exports[`actions maps the redux actions to the object correctly 1`] = `
Object {
  "onBulkClick": [MockFunction],
  "onCreateButtonClick": [MockFunction],
  "onRowClick": [MockFunction],
  "setVisibleMenu": [Function],
  "updateConfigUIUrlWithQueryString": [MockFunction],
}
`;

exports[`mapStateToProps maps the selectors to the object correctly 1`] = `
Object {
  "columns": Array [
    "mock table columns",
  ],
  "currentVisibleSubMenu": "none",
  "customColumnStyle": "",
  "dirty": false,
  "entityMetadata": Object {},
  "fetching": false,
  "filtered": Array [],
  "insideIframe": false,
  "items": Array [
    "mock all entities",
  ],
  "pageHelpLink": "mock help link",
  "pageTitle": "",
  "pristine": true,
  "showBulkActionsMenu": false,
  "sorted": Array [],
  "userHasCreatePermission": true,
  "userHasUpdatePermission": true,
}
`;
