// Jest Snapshot v1, https://goo.gl/fbAQLP

exports[`<ReasonsDetailsPanel /> renders reasons detailsPanel 1`] = `
<styled.div
  className="dtpanel-entity-reasons"
>
  Mock Child
</styled.div>
`;

exports[`<ReasonsDetailsPanel /> renders reasons detailsPanel with no update permision 1`] = `
<styled.div
  className="dtpanel-entity-reasons"
>
  Mock Child
</styled.div>
`;
