// Jest Snapshot v1, https://goo.gl/fbAQLP

exports[`isSaving if the user profile is being saved it returns true 1`] = `true`;

exports[`isSaving if the user profile is not being saved it returns undefined or false 1`] = `undefined`;

exports[`selectUserTenants if user has no tenants he has been assigned to, undefined is returned 1`] = `undefined`;

exports[`selectUserTenants returns all the tenants an user is assigned to 1`] = `
Array [
  Object {
    "label": "tenant 1",
    "value": "tenant1",
  },
  Object {
    "label": "tenant 2",
    "value": "tenant2",
  },
]
`;

exports[`userProfileInitialValues gets current user data including formatted extensions 1`] = `
Immutable.Map {
  "id": "user1",
  "extensions": Immutable.List [
    Immutable.Map {
      "type": "pstn",
      "value": "+50375241007",
      "description": "something",
      "id": "mock-uuid",
      "hide": false,
    },
    Immutable.Map {
      "type": "sip",
      "value": "sip:email@email.com",
      "id": "mock-uuid",
      "hide": false,
    },
  ],
}
`;

exports[`userProfileInitialValues if there's no info on current user a empty map is returned 1`] = `Immutable.Map {}`;
