// Jest Snapshot v1, https://goo.gl/fbAQLP

exports[`<SkillsForm /> renders create form 1`] = `
ShallowWrapper {
  "length": 1,
}
`;

exports[`<SkillsForm /> renders create form with no proficiency 1`] = `
ShallowWrapper {
  "length": 1,
}
`;

exports[`<SkillsForm /> renders update form 1`] = `
ShallowWrapper {
  "length": 1,
}
`;

exports[`<SkillsForm /> renders update form with no proficiency 1`] = `
ShallowWrapper {
  "length": 1,
}
`;
