// Jest Snapshot v1, https://goo.gl/fbAQLP

exports[`facebookIntegrations epics FetchSidePanelFacebookIntegrationData 1`] = `
Object {
  "entityName": "facebookIntegrations",
  "id": "mock-facebook-integration-id",
  "response": "mock response",
  "sdkCall": Object {
    "crudAction": "read",
    "module": "api",
    "path": Array [
      "facebook-integrations",
      "mock-facebook-integration-id",
    ],
    "topic": "cxengage/entities/get-facebook-integration-response",
  },
  "type": "SET_SELECTED_ENTITY_ID_FULFILLED",
}
`;

exports[`facebookIntegrations epics FetchSidePanelFacebookIntegrationDataFulfilled 1`] = `
Object {
  "meta": Object {
    "form": "facebookIntegrations:mock-facebook-integration-id",
    "keepDirty": false,
    "updateUnregisteredFields": false,
  },
  "payload": Object {
    "mock-initial-values": "mock-value",
  },
  "type": "@@redux-form/INITIALIZE",
}
`;
