// Jest Snapshot v1, https://goo.gl/fbAQLP

exports[`Interaction Monitoring Layout renders all columns , all columns are active  1`] = `
ShallowWrapper {
  "length": 1,
}
`;

exports[`Interaction Monitoring Layout renders no columns , all columns are not active  1`] = `
ShallowWrapper {
  "length": 1,
}
`;

exports[`Interaction monitoring methods SubComponent renders the sub compnent given the correct inputs 1`] = `
<InteractionDetails
  data={
    Object {
      "agentName": "agent one",
      "channel": "voice",
      "contactPoint": "+115064561",
      "customer": "+15064567",
      "direction": "inbound",
      "flowName": "flowName",
      "monitoring": Array [],
      "startTimestamp": "start",
    }
  }
  twelveHourFormat={true}
/>
`;
