// Jest Snapshot v1, https://goo.gl/fbAQLP

exports[`Maps state to props only using selectors validates object created from mapStateToProps 1`] = `
Object {
  "disableShared": false,
  "inherited": false,
  "initialValues": Object {
    "active": true,
    "shared": false,
  },
  "isSaving": true,
  "isSlaTenantDefault": false,
  "key": "mockId",
  "sharedFormValue": "ignore-abandons",
  "slaAbandonType": "ignore-abandons",
  "userHasUpdatePermission": true,
  "versions": Array [],
}
`;

exports[`Slas Renders renders 1`] = `
<Connect(ReduxForm)
  disableShared={false}
  inherited={false}
  initialValues={
    Object {
      "active": true,
      "shared": false,
    }
  }
  isSaving={true}
  isSlaTenantDefault={false}
  key="mockId"
  sharedFormValue="ignore-abandons"
  slaAbandonType="ignore-abandons"
  store={
    Object {
      "dispatch": [Function],
      "getState": [Function],
      "replaceReducer": [Function],
      "subscribe": [Function],
      Symbol(observable): [Function],
    }
  }
  storeSubscription={
    Subscription {
      "listeners": Object {
        "clear": [Function],
        "get": [Function],
        "notify": [Function],
        "subscribe": [Function],
      },
      "onStateChange": [Function],
      "parentSub": undefined,
      "store": Object {
        "dispatch": [Function],
        "getState": [Function],
        "replaceReducer": [Function],
        "subscribe": [Function],
        Symbol(observable): [Function],
      },
      "unsubscribe": [Function],
    }
  }
  toggleShared={[Function]}
  userHasUpdatePermission={true}
  versions={Array []}
>
  Child
</Connect(ReduxForm)>
`;

exports[`createFormName returns proper values 1`] = `undefined`;

exports[`formSubmission returns proper values 1`] = `undefined`;
