// Jest Snapshot v1, https://goo.gl/fbAQLP

exports[`formValidation returns proper object (errors) when required fields are not provided 1`] = `
Object {
  "abandonThreshold": "SLA Abandon Threshold must be a number",
  "abandonType": "Please select an abandon type",
  "activeVersion": "Please select an active version to be associated to this Sla.",
  "name": "Please enter a name",
  "slaThreshold": "SLA Threshold must be a number",
  "versionName": "Please enter a version name",
}
`;

exports[`formValidation returns proper object (errors) when wrong values are provided 1`] = `
Object {
  "abandonThreshold": "SLA Abandon Threshold must be a number",
  "abandonType": "Please select an abandon type",
  "activeVersion": "Please select an active version to be associated to this Sla.",
  "name": "Please enter a name",
  "slaThreshold": "SLA Threshold must be a number",
  "versionName": "Please enter a version name",
}
`;

exports[`formValidation returns proper object when required fields are provided 1`] = `
Object {
  "abandonThreshold": false,
  "abandonType": false,
  "activeVersion": false,
  "name": false,
  "slaThreshold": false,
  "versionName": false,
}
`;
