// Jest Snapshot v1, https://goo.gl/fbAQLP

exports[`<TransferListsForm /> renders create form 1`] = `
<form
  onSubmit={[Function]}
>
  <InputField
    componentType="input"
    data-automation="nameInput"
    disabled={false}
    inputType="text"
    label="Name *"
    name="name"
  />
  <InputField
    componentType="textarea"
    data-automation="descriptionInput"
    disabled={false}
    inputType="text"
    label="Description"
    name="description"
  />
  <DetailHeader
    onActionButtonClick={[Function]}
    open={true}
    text="Contacts"
    userHasUpdatePermission={true}
  />
  <styled.div>
    <styled.div>
      <styled.div>
        Category Name
      </styled.div>
      <styled.div>
        Contact Name
      </styled.div>
      <styled.div>
        Contact Type
      </styled.div>
      <styled.div>
        Actions
      </styled.div>
    </styled.div>
    <TransferListField
      className="transfer-lists"
      data-automation="endpointsTransferList"
      disabled={false}
      endpointHeaders={
        Immutable.List [
          Object {
            "a": "mockEndpointheaders",
          },
        ]
      }
      name="endpoints"
      removeCategoryItems={[Function]}
      removeTransferListItem={[Function]}
      selectedEntityId="mockEntitiyId"
      setSelectedSubEntityId={[Function]}
      userHasUpdatePermission={true}
    />
  </styled.div>
</form>
`;

exports[`<TransferListsForm /> renders update form 1`] = `
<form
  onSubmit={[Function]}
>
  <InputField
    componentType="input"
    data-automation="nameInput"
    disabled={false}
    inputType="text"
    label="Name *"
    name="name"
  />
  <InputField
    componentType="textarea"
    data-automation="descriptionInput"
    disabled={false}
    inputType="text"
    label="Description"
    name="description"
  />
  <DetailHeader
    onActionButtonClick={[Function]}
    open={true}
    text="Contacts"
    userHasUpdatePermission={true}
  />
  <styled.div>
    <styled.div>
      <styled.div>
        Category Name
      </styled.div>
      <styled.div>
        Contact Name
      </styled.div>
      <styled.div>
        Contact Type
      </styled.div>
      <styled.div>
        Actions
      </styled.div>
    </styled.div>
    <TransferListField
      className="transfer-lists"
      data-automation="endpointsTransferList"
      disabled={false}
      endpointHeaders={
        Immutable.List [
          Object {
            "a": "mockEndpointheaders",
          },
        ]
      }
      name="endpoints"
      removeCategoryItems={[Function]}
      removeTransferListItem={[Function]}
      selectedEntityId="mockEntitiyId"
      setSelectedSubEntityId={[Function]}
      userHasUpdatePermission={true}
    />
  </styled.div>
</form>
`;
