// Jest Snapshot v1, https://goo.gl/fbAQLP

exports[`<UsersForm /> renders create user 1`] = `
ShallowWrapper {
  "length": 1,
}
`;

exports[`<UsersForm /> renders create user saving and inherited 1`] = `
ShallowWrapper {
  "length": 1,
}
`;

exports[`<UsersForm /> renders create user without create permision 1`] = `
ShallowWrapper {
  "length": 1,
}
`;
