// Jest Snapshot v1, https://goo.gl/fbAQLP

exports[`Maps state to props only using selectors validates object created from mapStateToProps 1`] = `
Object {
  "disableShared": false,
  "inherited": false,
  "initialValues": Immutable.Map {
    "active": true,
    "shared": false,
  },
  "isSaving": true,
  "isSystemRole": true,
  "key": "mockId",
  "sharedFormValue": true,
  "userHasSharePermission": true,
  "userHasUpdatePermission": true,
}
`;

exports[`Roles Renders renders 1`] = `
<Connect(ReduxForm)
  disableShared={false}
  inherited={false}
  initialValues={
    Immutable.Map {
      "active": true,
      "shared": false,
    }
  }
  isSaving={true}
  isSystemRole={true}
  key="mockId"
  sharedFormValue={true}
  store={
    Object {
      "dispatch": [Function],
      "getState": [Function],
      "replaceReducer": [Function],
      "subscribe": [Function],
      Symbol(observable): [Function],
    }
  }
  storeSubscription={
    Subscription {
      "listeners": Object {
        "clear": [Function],
        "get": [Function],
        "notify": [Function],
        "subscribe": [Function],
      },
      "onStateChange": [Function],
      "parentSub": undefined,
      "store": Object {
        "dispatch": [Function],
        "getState": [Function],
        "replaceReducer": [Function],
        "subscribe": [Function],
        Symbol(observable): [Function],
      },
      "unsubscribe": [Function],
    }
  }
  toggleShared={[Function]}
  userHasSharePermission={true}
  userHasUpdatePermission={true}
>
  Child
</Connect(ReduxForm)>
`;
