// Jest Snapshot v1, https://goo.gl/fbAQLP

exports[`Maps state to props only using selectors validates object created from mapStateToProps 1`] = `
Object {
  "disableShared": false,
  "inherited": false,
  "initialValues": Immutable.Map {
    "active": true,
    "shared": false,
  },
  "isSaving": true,
  "key": "mockId",
  "sharedFormValue": true,
  "userHasUpdatePermission": true,
}
`;

exports[`Roles Renders renders 1`] = `
ShallowWrapper {
  "length": 1,
}
`;
