// Jest Snapshot v1, https://goo.gl/fbAQLP

exports[`Maps state to props only using selectors validates object created from mapStateToProps 1`] = `
Object {
  "item": Object {
    "active": true,
    "id": "mockId",
    "name": "mockName",
  },
  "userHasUpdatePermission": true,
}
`;

exports[`OutboundIdentifiersDetailsPanel Renders renders 1`] = `
<OutboundIdentifiersDetailsPanel
  dispatch={[Function]}
  item={
    Object {
      "active": true,
      "id": "mockId",
      "name": "mockName",
    }
  }
  store={
    Object {
      "dispatch": [Function],
      "getState": [Function],
      "replaceReducer": [Function],
      "subscribe": [Function],
      Symbol(observable): [Function],
    }
  }
  storeSubscription={
    Subscription {
      "listeners": Object {
        "clear": [Function],
        "get": [Function],
        "notify": [Function],
        "subscribe": [Function],
      },
      "onStateChange": [Function],
      "parentSub": undefined,
      "store": Object {
        "dispatch": [Function],
        "getState": [Function],
        "replaceReducer": [Function],
        "subscribe": [Function],
        Symbol(observable): [Function],
      },
      "unsubscribe": [Function],
    }
  }
  userHasUpdatePermission={true}
>
  Child
</OutboundIdentifiersDetailsPanel>
`;
