// Jest Snapshot v1, https://goo.gl/fbAQLP

exports[`<DataAccessReportsDetailsPanel /> renders DataAccessReports detailsPanel 1`] = `
ShallowWrapper {
  "length": 1,
}
`;

exports[`<DataAccessReportsDetailsPanel /> renders DataAccessReports detailsPanel with no update permision 1`] = `
ShallowWrapper {
  "length": 1,
}
`;
