// Jest Snapshot v1, https://goo.gl/fbAQLP

exports[`ListsDetailsPanel Renders renders 1`] = `
ShallowWrapper {
  "length": 1,
}
`;

exports[`Maps state to props only using selectors validates object created from mapStateToProps 1`] = `
Object {
  "alertMessage": "This list is inherited and cannot be edited",
  "id": "dtpanel-lists",
  "inherited": true,
  "isSaving": true,
  "itemApiPending": "mockId",
  "listType": "mock list type name",
  "tableFields": Array [
    Object {
      "label": "Reason Name",
      "name": "reasonName",
      "required": true,
      "type": "string",
    },
  ],
  "tableItems": Array [
    Object {
      "description": "Nothing",
      "reasonCode": 101,
      "reasonName": "Test 1",
    },
  ],
  "userHasUpdatePermission": true,
}
`;
