// Jest Snapshot v1, https://goo.gl/fbAQLP

exports[`<ListsDetailsPanel /> renders lists detailsPanel 1`] = `
ShallowWrapper {
  "length": 1,
}
`;

exports[`<ListsDetailsPanel /> renders lists detailsPanel not inherited 1`] = `
ShallowWrapper {
  "length": 1,
}
`;

exports[`<ListsDetailsPanel /> renders lists detailsPanel with alert message 1`] = `
ShallowWrapper {
  "length": 1,
}
`;
