// Jest Snapshot v1, https://goo.gl/fbAQLP

exports[`<UsersBulkActionsForm /> renders users bulk actions form 1`] = `
<form
  onSubmit={[Function]}
>
  <styled.div>
    <styled.span>
      <span>
        Enable/Disable Users
      </span>
      <Styled(Toggle)
        data-automation="statusToggle"
        disabled={true}
        onChange={[Function]}
        value={false}
      />
    </styled.span>
  </styled.div>
  <styled.div>
    <styled.span>
      <span>
        Send Invitation
      </span>
      <ConfirmationWrapper
        data-automation="inviteNowConfirmationWrapper"
        mainText="This will send an email invitation to all users selected"
        secondaryText="Are you sure you want to continue?"
      >
        <Styled(ToggleField)
          data-automation="inviteNowToggle"
          disabled={true}
          label=""
          name="inviteNow"
        />
      </ConfirmationWrapper>
    </styled.span>
  </styled.div>
  <styled.div>
    <styled.span>
      <span>
        Resend Invitation
      </span>
      <ConfirmationWrapper
        confirmBtnCallback={[Function]}
        data-automation="resendInvitationConfirmationWrapper"
        mainText="This will resend an email invitation to all users selected"
        secondaryText="Are you sure you want to continue?"
      >
        <Styled(ToggleField)
          data-automation="resendInvitationToggle"
          disabled={true}
          label=""
          name="resendInvitation"
        />
      </ConfirmationWrapper>
    </styled.span>
  </styled.div>
  <styled.div>
    <styled.span>
      <span>
        Cancel Invitation
      </span>
      <ConfirmationWrapper
        confirmBtnCallback={[Function]}
        data-automation="cancelInvitationConfirmationWrapper"
        mainText="This will prevent all selected users from accepting the invitation."
        secondaryText="Are you sure you want to continue?"
      >
        <Styled(ToggleField)
          data-automation="cancelInvitationToggle"
          disabled={true}
          label=""
          name="cancelInvitation"
        />
      </ConfirmationWrapper>
    </styled.span>
  </styled.div>
  <styled.div>
    <styled.span>
      <span>
        Reset Password
      </span>
      <ConfirmationWrapper
        confirmBtnCallback={[Function]}
        data-automation="passwordResetConfirmationWrapper"
        mainText="This will send a password reset email to all users selected"
        secondaryText="Are you sure you want to continue?"
      >
        <Styled(ToggleField)
          data-automation="passwordResetToggle"
          disabled={true}
          label=""
          name="passwordReset"
        />
      </ConfirmationWrapper>
    </styled.span>
  </styled.div>
  <styled.div>
    <styled.span>
      <span>
        Set Platform Authentication
      </span>
      <Styled(Toggle)
        data-automation="noPasswordToggle"
        onChange={[Function]}
        value={false}
      />
    </styled.span>
  </styled.div>
  <styled.div>
    <styled.span>
      <span>
        Set Default Identity Provider
      </span>
      <Styled(Toggle)
        data-automation="defaultIdentityProviderToggle"
        onChange={[Function]}
        value={false}
      />
    </styled.span>
  </styled.div>
  <styled.div>
    <styled.span>
      <span>
        Set Twilio Regions 
      </span>
      <Styled(Toggle)
        data-automation="regionToggle"
        disabled={true}
        onChange={[Function]}
        value={false}
      />
    </styled.span>
  </styled.div>
  <styled.div>
    <styled.span>
      <span>
        Add Group
      </span>
      <Styled(Toggle)
        data-automation="addGroupToggle"
        disabled={true}
        onChange={[Function]}
        value={false}
      />
    </styled.span>
  </styled.div>
  <styled.div>
    <styled.span>
      <span>
        Remove Group
      </span>
      <Styled(Toggle)
        data-automation="removeGroupToggle"
        disabled={true}
        onChange={[Function]}
        value={false}
      />
    </styled.span>
  </styled.div>
  <styled.div>
    <styled.span>
      <span>
        Add Skill
      </span>
      <Styled(Toggle)
        data-automation="addSkillToggle"
        disabled={true}
        onChange={[Function]}
        value={false}
      />
    </styled.span>
  </styled.div>
  <styled.div>
    <styled.span>
      <span>
        Remove Skill
      </span>
      <Styled(Toggle)
        data-automation="removeSkillToggle"
        disabled={true}
        onChange={[Function]}
        value={false}
      />
    </styled.span>
  </styled.div>
</form>
`;
