// Jest Snapshot v1, https://goo.gl/fbAQLP

exports[`<GroupsDetailsPanel /> renders Groups detailsPanel 1`] = `
ShallowWrapper {
  "length": 1,
}
`;

exports[`<GroupsDetailsPanel /> renders Groups detailsPanel with no update permision 1`] = `
ShallowWrapper {
  "length": 1,
}
`;

exports[`<GroupsDetailsPanel /> renders Groups detailsPanel with status disabled 1`] = `
ShallowWrapper {
  "length": 1,
}
`;
