// Jest Snapshot v1, https://goo.gl/fbAQLP

exports[`Maps state to props only using selectors validates object created from mapStateToProps 1`] = `
Object {
  "initialValues": Object {
    "active": true,
  },
  "isSaving": true,
  "key": "mockId",
  "userHasUpdatePermission": undefined,
}
`;

exports[`createFormName returns proper values 1`] = `undefined`;

exports[`formSubmission returns proper values 1`] = `undefined`;

exports[`queues Renders renders 1`] = `
<queuesForm
  store={
    Object {
      "dispatch": [Function],
      "getState": [Function],
      "replaceReducer": [Function],
      "subscribe": [Function],
      Symbol(observable): [Function],
    }
  }
>
  Child
</queuesForm>
`;
