// Jest Snapshot v1, https://goo.gl/fbAQLP

exports[`<GenericBulkItemsForm /> renders generic bulk actions form 1`] = `
<form
  onSubmit={[Function]}
>
  <styled.div>
    <styled.span>
      <span>
        Active
      </span>
      <Styled(Toggle)
        onChange={[Function]}
        value={false}
      />
    </styled.span>
  </styled.div>
</form>
`;
