// Jest Snapshot v1, https://goo.gl/fbAQLP

exports[`groups table column Cell returns the value wrapped in a span 1`] = `
<span
  title="mockValue"
>
  mockValue
</span>
`;

exports[`groups table column accessor returns groups names as a string seperated by commas 1`] = `"mockSkill1, mockSkill2"`;

exports[`groups table column accessor returns groups names as a string seperated by commas avoiding duplicate groups from multiple agents 1`] = `"mockSkill1, mockSkill2"`;

exports[`groups table column accessor returns single skill name with no comma 1`] = `"mockSkill1"`;

exports[`groups table column function returns correct object 1`] = `
Object {
  "Cell": [Function],
  "Filter": [Function],
  "Header": "Groups",
  "accessor": [Function],
  "filterMethod": [Function],
  "id": "groups",
  "minWidth": 140,
  "show": "groups",
  "sortable": false,
}
`;
