// Jest Snapshot v1, https://goo.gl/fbAQLP

exports[`skills table column Cell returns the value wrapped in a span 1`] = `
<span
  title="mockValue"
>
  mockValue
</span>
`;

exports[`skills table column accessor returns single skill name with no comma 1`] = `"mockSkill1"`;

exports[`skills table column accessor returns skills names as a string seperated by commas 1`] = `"mockSkill1, mockSkill2, mockSkill3, mockSkill4, mockSkill5, mockSkill6"`;

exports[`skills table column accessor returns skills names as a string seperated by commas avoiding duplicate skills from multiple agents 1`] = `"mockSkill1, mockSkill2"`;

exports[`skills table column function returns correct object 1`] = `
Object {
  "Cell": [Function],
  "Filter": <Connect(CheckboxMenu)
    buttonType="columnFilter"
    menuType="Skills"
    selectionType="checkbox"
    tableType="mockTableType"
  >
    Skills
  </Connect(CheckboxMenu)>,
  "Header": "Skills",
  "accessor": [Function],
  "filterable": true,
  "id": "skills",
  "show": "Skills",
  "sortable": false,
}
`;
