// Jest Snapshot v1, https://goo.gl/fbAQLP

exports[`startDate Column configuration returns the proper object column configuration object 1`] = `
Object {
  "Cell": [Function],
  "Filter": [Function],
  "Header": "Start Date",
  "accessor": [Function],
  "filterMethod": [Function],
  "id": "startDateTimestamp",
  "minWidth": 210,
  "resizable": false,
  "show": "2018-02-20T14:24:41.519Z",
}
`;

exports[`startDate Filter renders properly renders the After filter 1`] = `
ShallowWrapper {
  "length": 1,
}
`;

exports[`startDate Filter renders properly renders the Before filter 1`] = `
ShallowWrapper {
  "length": 1,
}
`;

exports[`startDate Filter renders properly renders the default filter 1`] = `
ShallowWrapper {
  "length": 1,
}
`;
