// Jest Snapshot v1, https://goo.gl/fbAQLP

exports[`startTimeColumn Filter renders properly 24 hour format, with default filter 1`] = `
ShallowWrapper {
  "length": 1,
}
`;

exports[`startTimeColumn Filter renders properly tweleve hour format , with default filter 1`] = `
ShallowWrapper {
  "length": 1,
}
`;

exports[`startTimeColumn Filter renders properly tweleve hour format , with filter 1`] = `
ShallowWrapper {
  "length": 1,
}
`;

exports[`startTimeColumn Filter renders properly tweleve hour format , with no filter 1`] = `
ShallowWrapper {
  "length": 1,
}
`;

exports[`startTimeColumn configuration object Cell 1`] = `
<span
  title="Invalid date"
>
  Invalid date
</span>
`;

exports[`startTimeColumn configuration object Cell 2`] = `
<span
  title="Invalid date"
>
  Invalid date
</span>
`;

exports[`startTimeColumn configuration object returns the proper object column configuration object 1`] = `
Object {
  "Cell": [Function],
  "Filter": [Function],
  "Header": "Start Time",
  "accessor": [Function],
  "filterMethod": [Function],
  "id": "startTimestamp",
  "minWidth": 190,
  "resizable": false,
  "show": "2018-02-20T14:24:41.519Z",
}
`;
