// Jest Snapshot v1, https://goo.gl/fbAQLP

exports[`<MediaForm /> renders create form 1`] = `
<form
  onSubmit={[Function]}
>
  <DetailHeader
    text="Details"
  />
  <InputField
    componentType="input"
    data-automation="MediaFormFieldName"
    disabled={false}
    inputType="text"
    label="Name *"
    name="name"
  />
  <SelectField
    data-automation="MediaFormFieldType"
    disabled={false}
    label="Type *"
    name="type"
    options={
      Array [
        Object {
          "label": "Select type...",
          "value": "",
        },
        Object {
          "label": "Audio",
          "value": "audio",
        },
        Object {
          "label": "Text-to-Speech",
          "value": "tts",
        },
        Object {
          "label": "Media List",
          "value": "list",
        },
      ]
    }
    required={true}
  />
  <InputField
    componentType="textarea"
    data-automation="MediaFormFieldDescription"
    disabled={false}
    inputType="text"
    label="Description"
    name="description"
  />
</form>
`;

exports[`<MediaForm /> renders update form 1`] = `
<form
  onSubmit={[Function]}
>
  <DetailHeader
    text="Details"
  />
  <InputField
    componentType="input"
    data-automation="MediaFormFieldName"
    disabled={false}
    inputType="text"
    label="Name *"
    name="name"
  />
  <SelectField
    data-automation="MediaFormFieldType"
    disabled={false}
    label="Type *"
    name="type"
    options={
      Array [
        Object {
          "label": "Select type...",
          "value": "",
        },
        Object {
          "label": "Audio",
          "value": "audio",
        },
        Object {
          "label": "Text-to-Speech",
          "value": "tts",
        },
        Object {
          "label": "Media List",
          "value": "list",
        },
      ]
    }
    required={true}
  />
  <InputField
    componentType="textarea"
    data-automation="MediaFormFieldDescription"
    disabled={false}
    inputType="text"
    label="Description"
    name="description"
  />
</form>
`;
