// Jest Snapshot v1, https://goo.gl/fbAQLP

exports[`<MediaForm /> renders create form 1`] = `
<form
  onSubmit={[Function]}
>
  <DetailHeader
    text="Details"
  />
  <InputField
    componentType="input"
    data-automation="MediaFormFieldName"
    disabled={false}
    inputType="text"
    label="Name *"
    name="name"
    placeholder="You are using Hygen!"
  />
  <InputField
    componentType="textarea"
    data-automation="MediaFormFieldDescription"
    disabled={false}
    inputType="text"
    label="Description"
    name="description"
  />
  <DetailHeader
    text="Properties"
  />
  <SelectField
    data-automation="MediaFormFieldType"
    disabled={false}
    label="Type *"
    name="type"
    options={
      Array [
        Object {
          "label": "custom label",
          "value": "custom value",
        },
      ]
    }
    required={true}
  />
</form>
`;

exports[`<MediaForm /> renders update form 1`] = `
<form
  onSubmit={[Function]}
>
  <DetailHeader
    text="Details"
  />
  <InputField
    componentType="input"
    data-automation="MediaFormFieldName"
    disabled={false}
    inputType="text"
    label="Name *"
    name="name"
    placeholder="You are using Hygen!"
  />
  <InputField
    componentType="textarea"
    data-automation="MediaFormFieldDescription"
    disabled={false}
    inputType="text"
    label="Description"
    name="description"
  />
  <DetailHeader
    text="Properties"
  />
  <SelectField
    data-automation="MediaFormFieldType"
    disabled={false}
    label="Type *"
    name="type"
    options={
      Array [
        Object {
          "label": "custom label",
          "value": "custom value",
        },
      ]
    }
    required={true}
  />
</form>
`;
