// Jest Snapshot v1, https://goo.gl/fbAQLP

exports[`<BusinessHoursV2UpdateForm /> renders update form 1`] = `
<form
  onSubmit={[Function]}
>
  <styled.div>
    <styled.div>
      <Connect(DetailWrapper)
        customCaretIcon="margin-top: 6px;display: inline-block;margin-left: 23px;"
        open={true}
      >
        <Styled(DetailHeader)
          customLineSpacer="border-top: 1px solid #2E9AFE; flex-grow: 1; margin: 10px 10px 0;align-self: center;"
          fontSize="20px"
          text="Hours"
        />
        <div
          style={
            Object {
              "marginLeft": "60px",
            }
          }
        >
          <label>
            Hours and Exceptions
          </label>
          <br />
          <br />
          <FieldArray
            component={[Function]}
            name="businessRules"
          />
        </div>
      </Connect(DetailWrapper)>
    </styled.div>
  </styled.div>
</form>
`;
