// Jest Snapshot v1, https://goo.gl/fbAQLP

exports[`getCurrentAgentId returns current agent id 1`] = `"0000-0000-0000-0000"`;

exports[`getCurrentAgentName current agent name is returned 1`] = `"First Name"`;

exports[`getCurrentAgentName there's no info for the user, undefined is returned 1`] = `undefined`;

exports[`getCurrentPermissions returns current tenant permissions 1`] = `"mockPermissions"`;

exports[`getCurrentTenantId returns current tenant id 1`] = `"mockTenantId"`;

exports[`getCurrentTenantName returns current tenant name 1`] = `"mockTenantName"`;
