// Jest Snapshot v1, https://goo.gl/fbAQLP

exports[`Retrieve Dispatch Mappings Initial Form Values from State Return Custom Made initial values 1`] = `
Immutable.Map {
  "id": "2",
  "value": "zendesk",
  "channelType": "voice",
  "version": "0000",
}
`;

exports[`Retrieve Dispatch Mappings Initial Form Values from State Return regular initial values 1`] = `
Immutable.Map {
  "active": true,
  "interactionField": "customer",
  "channelType": "any",
  "version": "null",
}
`;
