// Jest Snapshot v1, https://goo.gl/fbAQLP

exports[`<TenantsForm /> renders create form 1`] = `
<form
  onSubmit={[Function]}
>
  <DetailHeader
    text="Details"
  />
  <InputField
    componentType="input"
    data-automation="nameInput"
    disabled={false}
    inputType="text"
    label="Name *"
    name="name"
  />
  <InputField
    componentType="textarea"
    data-automation="descriptionInput"
    disabled={false}
    inputType="text"
    label="Description"
    name="description"
  />
</form>
`;

exports[`<TenantsForm /> renders update form 1`] = `
<form
  onSubmit={[Function]}
>
  <DetailHeader
    text="Details"
  />
  <InputField
    componentType="input"
    data-automation="nameInput"
    disabled={false}
    inputType="text"
    label="Name *"
    name="name"
  />
  <InputField
    componentType="textarea"
    data-automation="descriptionInput"
    disabled={false}
    inputType="text"
    label="Description"
    name="description"
  />
</form>
`;
