// Jest Snapshot v1, https://goo.gl/fbAQLP

exports[`Maps state to props only using selectors validates object created from mapStateToProps 1`] = `
Object {
  "capacityRules": undefined,
  "currentAgentId": "0000-0000-0000-0000",
  "displayResetPassword": undefined,
  "inherited": false,
  "initialValues": Object {
    "active": true,
  },
  "isSaving": undefined,
  "isUserPlatformAdmin": undefined,
  "key": "mockId",
  "platformRoles": Array [],
  "status": undefined,
  "tenantIdentityProviders": Array [],
  "tenantRoles": Array [],
  "userHasUpdatePermission": true,
  "usersFetching": undefined,
}
`;

exports[`Users Renders renders 1`] = `
ShallowWrapper {
  "length": 1,
}
`;
