// Jest Snapshot v1, https://goo.gl/fbAQLP

exports[`<UsersForm /> renders create user 1`] = `
<form
  onSubmit={[Function]}
/>
`;

exports[`<UsersForm /> renders update user 1`] = `
<form
  onSubmit={[Function]}
/>
`;

exports[`<UsersForm /> renders update user saving and inherited 1`] = `
<form
  onSubmit={[Function]}
/>
`;

exports[`<UsersForm /> renders update user without update permision 1`] = `
<form
  onSubmit={[Function]}
/>
`;
