// Jest Snapshot v1, https://goo.gl/fbAQLP

exports[`Supervisor Toolbar Layout does not render the unmute button when userHasBargeAllCallsPermission is false 1`] = `
ShallowWrapper {
  "length": 1,
}
`;

exports[`Supervisor Toolbar Layout renders an empty div when monitoringStatus is "offline" 1`] = `
ShallowWrapper {
  "length": 1,
}
`;

exports[`Supervisor Toolbar Layout renders the hang up and mute buttons when monitoringStatus is "connected" and muted is false 1`] = `
ShallowWrapper {
  "length": 1,
}
`;

exports[`Supervisor Toolbar Layout renders the hang up and unmute buttons when monitoringStatus is "connected" and muted is true 1`] = `
ShallowWrapper {
  "length": 1,
}
`;
