// Jest Snapshot v1, https://goo.gl/fbAQLP

exports[`DispositionListsDetailsPanel Renders renders 1`] = `
<DispositionListsDetailsPanel
  dispatch={[Function]}
  store={
    Object {
      "dispatch": [Function],
      "getState": [Function],
      "replaceReducer": [Function],
      "subscribe": [Function],
      Symbol(observable): [Function],
    }
  }
>
  Child
</DispositionListsDetailsPanel>
`;
