// Jest Snapshot v1, https://goo.gl/fbAQLP

exports[`<ChatWidgetsDetailsPanel /> renders chatWidgets detailsPanel 1`] = `
ShallowWrapper {
  "length": 1,
}
`;

exports[`<ChatWidgetsDetailsPanel /> renders chatWidgets detailsPanel with no update permision 1`] = `
ShallowWrapper {
  "length": 1,
}
`;
