// Jest Snapshot v1, https://goo.gl/fbAQLP

exports[`DataAccessReports Renders renders 1`] = `
ShallowWrapper {
  "length": 1,
}
`;

exports[`Maps state to props only using selectors validates object created from mapStateToProps 1`] = `
Object {
  "dashboards": Array [
    "mockName",
    "mockName1",
    "mockName2",
  ],
  "folders": Array [
    Object {
      "name": "mockName",
    },
  ],
  "initialValues": Object {
    "active": true,
  },
  "isSaving": true,
  "key": "mockId",
  "realtimeReportType": undefined,
  "reportType": "realtime",
  "standardDashboards": Array [
    "Agent Details Table",
    "Agent State Table",
    "Interactions Completed Table",
    "Interactions Dashboard",
    "Interactions In Conversation Table",
    "Interactions In IVR Table",
    "Interactions In Queue Table",
    "Overview Dashboard",
    "Queues Dashboard",
    "Queue Details Table",
    "Resources Dashboard",
  ],
  "userHasUpdatePermission": true,
}
`;
