// Jest Snapshot v1, https://goo.gl/fbAQLP

exports[`FlowsLayout Renders renders 1`] = `
<Flows
  openFlowDesigner={[Function]}
  setCurrentEntity={[Function]}
  setSelectedEntityId={[Function]}
  store={
    Object {
      "dispatch": [Function],
      "getState": [Function],
      "replaceReducer": [Function],
      "subscribe": [Function],
      Symbol(observable): [Function],
    }
  }
/>
`;
