// Jest Snapshot v1, https://goo.gl/fbAQLP

exports[`DispatchMappings Renders renders 1`] = `
ShallowWrapper {
  "length": 1,
}
`;

exports[`Maps state to props only using selectors validates object created from mapStateToProps 1`] = `
Object {
  "flowId": "source",
  "flowIds": Array [
    Object {
      "label": "mockLabel",
      "value": "mockValue",
    },
  ],
  "flowVersions": undefined,
  "flowsFetching": undefined,
  "inherited": undefined,
  "initialValues": undefined,
  "integrationElements": Array [
    "mockId1",
    "mockId2",
  ],
  "isSaving": true,
  "key": "mockId",
  "mappingValue": "source",
  "mappingValueMessage": undefined,
  "userHasUpdatePermission": true,
}
`;

exports[`createFormName returns proper values 1`] = `undefined`;

exports[`formSubmission returns proper values 1`] = `undefined`;
