// Jest Snapshot v1, https://goo.gl/fbAQLP

exports[`Maps state to props only using selectors validates object created from mapStateToProps 1`] = `
Object {
  "channelType": "email",
  "flowIds": Array [
    Object {
      "label": "mockLabel",
      "value": "mockValue",
    },
  ],
  "initialValues": Object {
    "active": true,
  },
  "isSaving": false,
  "key": "mockId",
}
`;

exports[`OutboundIdentifiersForm Renders renders 1`] = `
ShallowWrapper {
  "length": 1,
}
`;
