// Jest Snapshot v1, https://goo.gl/fbAQLP

exports[`descriptionColumn Cell renders correctly 1`] = `
<span
  title="mock description"
>
  mock description
</span>
`;

exports[`descriptionColumn is configured correctly 1`] = `
Object {
  "Cell": [Function],
  "Header": <span
    title="Description"
  >
    Description
  </span>,
  "accessor": "description",
  "id": "description",
}
`;
