// Jest Snapshot v1, https://goo.gl/fbAQLP

exports[`listTypeColumn Cell renders correctly 1`] = `
<span
  title="mock list type"
>
  mock list type
</span>
`;

exports[`listTypeColumn is configured correctly 1`] = `
Object {
  "Cell": [Function],
  "Filter": [Function],
  "Header": <span
    title="List Type"
  >
    List Type
  </span>,
  "accessor": [Function],
  "id": "listType",
}
`;
