// Jest Snapshot v1, https://goo.gl/fbAQLP

exports[`nameColumn Cell renders correctly 1`] = `
<span
  title="mock name"
>
  mock name
</span>
`;

exports[`nameColumn is configured correctly 1`] = `
Object {
  "Cell": [Function],
  "Header": <span
    title="Name"
  >
    Name
  </span>,
  "accessor": "name",
  "id": "name",
}
`;
