// Jest Snapshot v1, https://goo.gl/fbAQLP

exports[`Actions map properly 1`] = `
Object {
  "oneOnRestOff": [Function],
  "setSubMenuVisibility": [Function],
  "toggleAllInverse": [Function],
  "toggleAllOff": [Function],
  "toggleAllOn": [Function],
  "toggleItem": [Function],
}
`;

exports[`CheckboxFilterMenu Renders renders 1`] = `
ShallowWrapper {
  "length": 1,
}
`;

exports[`Maps state to props only using selectors validates object created from mapStateToProps 1`] = `
Object {
  "allActive": true,
  "currentVisibleSubMenu": "mockSubmenu",
  "items": Array [],
  "totalRatio": Array [
    0,
    0,
  ],
}
`;
