// Jest Snapshot v1, https://goo.gl/fbAQLP

exports[`<RolesDetailsPanel /> renders Roles detailsPanel 1`] = `
ShallowWrapper {
  "length": 1,
}
`;

exports[`<RolesDetailsPanel /> renders Roles detailsPanel with no update permision 1`] = `
ShallowWrapper {
  "length": 1,
}
`;

exports[`<RolesDetailsPanel /> renders Roles detailsPanel with status disabled 1`] = `
ShallowWrapper {
  "length": 1,
}
`;
