// Jest Snapshot v1, https://goo.gl/fbAQLP

exports[`CustomMetrics Renders renders 1`] = `
ShallowWrapper {
  "length": 1,
}
`;

exports[`Maps state to props only using selectors validates object created from mapStateToProps 1`] = `
Object {
  "inherited": false,
  "initialValues": Object {
    "active": true,
  },
  "isSaving": undefined,
  "key": "mockId",
  "slaAbandonType": "ignored-abandoned-calls",
  "userHasUpdatePermission": true,
}
`;
