// Jest Snapshot v1, https://goo.gl/fbAQLP

exports[`<CustomMetricsForm /> renders create customMetric 1`] = `
ShallowWrapper {
  "length": 1,
}
`;

exports[`<CustomMetricsForm /> renders update customMetric 1`] = `
ShallowWrapper {
  "length": 1,
}
`;

exports[`<CustomMetricsForm /> renders update customMetric saving and inherited with count-against-sla type 1`] = `
ShallowWrapper {
  "length": 1,
}
`;

exports[`<CustomMetricsForm /> renders update customMetric saving and inherited with ignored-abandoned-calls type 1`] = `
ShallowWrapper {
  "length": 1,
}
`;

exports[`<CustomMetricsForm /> renders update customMetric with count-against-sla type 1`] = `
ShallowWrapper {
  "length": 1,
}
`;

exports[`<CustomMetricsForm /> renders update customMetric with ignored-abandoned-calls type 1`] = `
ShallowWrapper {
  "length": 1,
}
`;

exports[`<CustomMetricsForm /> renders update customMetric without update permision 1`] = `
ShallowWrapper {
  "length": 1,
}
`;
