// Jest Snapshot v1, https://goo.gl/fbAQLP

exports[`Maps state to props only using selectors validates object created from mapStateToProps 1`] = `
Object {
  "slidingWidth": 50,
  "userHasCurrentFormPermission": true,
}
`;

exports[`SidePanelLayout Renders renders 1`] = `
ShallowWrapper {
  "length": 1,
}
`;
