// Jest Snapshot v1, https://goo.gl/fbAQLP

exports[`Maps state to props only using selectors validates object created from mapStateToProps 1`] = `
Object {
  "slidingWidth": 50,
  "userHasCurrentFormPermission": true,
}
`;

exports[`SidePanelLayout Renders renders 1`] = `
<SidePanelLayout
  dispatch={[Function]}
  menuType="mockMenu"
  selectionType="checkbox"
  slidingWidth={50}
  store={
    Object {
      "dispatch": [Function],
      "getState": [Function],
      "replaceReducer": [Function],
      "subscribe": [Function],
      Symbol(observable): [Function],
    }
  }
  storeSubscription={
    Subscription {
      "listeners": Object {
        "clear": [Function],
        "get": [Function],
        "notify": [Function],
        "subscribe": [Function],
      },
      "onStateChange": [Function],
      "parentSub": undefined,
      "store": Object {
        "dispatch": [Function],
        "getState": [Function],
        "replaceReducer": [Function],
        "subscribe": [Function],
        Symbol(observable): [Function],
      },
      "unsubscribe": [Function],
    }
  }
  tableType="mockTable"
  userHasCurrentFormPermission={true}
/>
`;
